Start: Sat Aug  8 10:24:47 PM EDT 2026
Host: dgx028  PWD: /vast/home/n/nnori/DiscreteTreeFlows
test=data/h3n2/test train=data/h3n2/train out=benchmarks/results/results_baselines.csv N=(16 32 64) K=20 M=20 max-roots=100
tqdist OK /vast/home/n/nnori/.conda/envs/treesbm/lib/python3.11/site-packages/tqdist.cpython-311-x86_64-linux-gnu.so
TreeSBM checkpoint: checkpoints/h3n2_v2/best.pt
Warning: You are sending unauthenticated requests to the HF Hub. Please set a HF_TOKEN to enable higher rate limits and faster downloads.
Loading weights:   0%|          | 0/107 [00:00<?, ?it/s]Loading weights: 100%|██████████| 107/107 [00:00<00:00, 26508.60it/s]
Checkpoint: epoch 57  val_loss=2.3202
Loading weights:   0%|          | 0/102 [00:00<?, ?it/s]Loading weights: 100%|██████████| 102/102 [00:00<00:00, 13404.53it/s]
[transformers] [1mEsmModel LOAD REPORT[0m from: facebook/esm2_t6_8M_UR50D
Key                       | Status     | 
--------------------------+------------+-
lm_head.layer_norm.weight | UNEXPECTED | 
lm_head.dense.bias        | UNEXPECTED | 
lm_head.layer_norm.bias   | UNEXPECTED | 
lm_head.dense.weight      | UNEXPECTED | 
lm_head.bias              | UNEXPECTED | 
pooler.dense.bias         | MISSING    | 
pooler.dense.weight       | MISSING    | 

Notes:
- UNEXPECTED:	can be ignored when loading from different task/architecture; not ok if you expect identical arch.
- MISSING:	those params were newly initialized because missing from the checkpoint. Consider training on your downstream task.
Loading weights:   0%|          | 0/107 [00:00<?, ?it/s]Loading weights: 100%|██████████| 107/107 [00:00<00:00, 12640.56it/s]
slurmstepd: error: *** JOB 7442467 ON dgx028 CANCELLED AT 2026-08-09T22:25:04 DUE TO TIME LIMIT ***
