Start: Sat Aug  8 06:23:46 PM EDT 2026
test=data/h3n2/test train=data/h3n2/train N=(16) K_max=100 step=10
max_roots=5 methods=(neutral_bd plm_prior artreeformer_adapted treesbm) eps=0.02
checkpoint=checkpoints/h3n2_v3_lit_hotspot/best.pt out=benchmarks/results/coverage_curves_h3n2_N16.csv
Warning: You are sending unauthenticated requests to the HF Hub. Please set a HF_TOKEN to enable higher rate limits and faster downloads.
Loading weights:   0%|          | 0/107 [00:00<?, ?it/s]Loading weights: 100%|██████████| 107/107 [00:00<00:00, 26379.27it/s]
artreeformer pools: Ns=[16] sizes=[300]
Checkpoint: epoch 57  val_loss=5.1519
Loading weights:   0%|          | 0/102 [00:00<?, ?it/s]Loading weights: 100%|██████████| 102/102 [00:00<00:00, 13208.77it/s]
[transformers] [1mEsmModel LOAD REPORT[0m from: facebook/esm2_t6_8M_UR50D
Key                       | Status     | 
--------------------------+------------+-
lm_head.layer_norm.bias   | UNEXPECTED | 
lm_head.bias              | UNEXPECTED | 
lm_head.layer_norm.weight | UNEXPECTED | 
lm_head.dense.bias        | UNEXPECTED | 
lm_head.dense.weight      | UNEXPECTED | 
pooler.dense.bias         | MISSING    | 
pooler.dense.weight       | MISSING    | 

Notes:
- UNEXPECTED:	can be ignored when loading from different task/architecture; not ok if you expect identical arch.
- MISSING:	those params were newly initialized because missing from the checkpoint. Consider training on your downstream task.
Loading weights:   0%|          | 0/107 [00:00<?, ?it/s]Loading weights: 100%|██████████| 107/107 [00:00<00:00, 12736.34it/s]
treesbm checkpoint: /vast/home/n/nnori/DiscreteTreeFlows/checkpoints/h3n2_v3_lit_hotspot/best.pt (ESM cache on via generate_k)
methods=['neutral_bd', 'plm_prior', 'artreeformer_adapted', 'treesbm'] Ks=[10, 20, 30, 40, 50, 60, 70, 80, 90, 100] max_roots=5

=== N=16: 5 held-out roots ===
  [neutral_bd] root=NODE_0000000 trees=100 cov@Kmax=1.000 edit=8.2 site_r=1.000
  [neutral_bd] root=NODE_0000235 trees=100 cov@Kmax=1.000 edit=0.7 site_r=0.778
  [neutral_bd] root=NODE_0000200 trees=100 cov@Kmax=1.000 edit=2.9 site_r=0.500
  [neutral_bd] root=NODE_0000223 trees=100 cov@Kmax=1.000 edit=0.9 site_r=0.667
  [neutral_bd] root=NODE_0000239 trees=100 cov@Kmax=1.000 edit=0.6 site_r=0.714
  [plm_prior] root=NODE_0000000 trees=100 cov@Kmax=1.000 edit=8.2 site_r=1.000
  [plm_prior] root=NODE_0000235 trees=100 cov@Kmax=1.000 edit=0.8 site_r=0.444
  [plm_prior] root=NODE_0000200 trees=100 cov@Kmax=1.000 edit=2.9 site_r=0.400
  [plm_prior] root=NODE_0000223 trees=100 cov@Kmax=1.000 edit=0.9 site_r=0.778
  [plm_prior] root=NODE_0000239 trees=100 cov@Kmax=1.000 edit=0.6 site_r=0.143
  [artreeformer_adapted] root=NODE_0000000 trees=100 cov@Kmax=1.000 edit=8.2 site_r=1.000
  [artreeformer_adapted] root=NODE_0000235 trees=100 cov@Kmax=1.000 edit=0.8 site_r=1.000
  [artreeformer_adapted] root=NODE_0000200 trees=100 cov@Kmax=1.000 edit=2.8 site_r=0.750
  [artreeformer_adapted] root=NODE_0000223 trees=100 cov@Kmax=1.000 edit=0.6 site_r=0.778
  [artreeformer_adapted] root=NODE_0000239 trees=100 cov@Kmax=1.000 edit=0.6 site_r=0.714
  [treesbm] root=NODE_0000000 trees=100 cov@Kmax=1.000 edit=7.2 site_r=0.964
  [treesbm] root=NODE_0000235 trees=100 cov@Kmax=1.000 edit=0.8 site_r=0.667
  [treesbm] root=NODE_0000200 trees=100 cov@Kmax=1.000 edit=2.8 site_r=0.750
  [treesbm] root=NODE_0000223 trees=100 cov@Kmax=1.000 edit=0.7 site_r=0.889
  [treesbm] root=NODE_0000239 trees=100 cov@Kmax=1.000 edit=0.3 site_r=0.429

wrote /vast/home/n/nnori/DiscreteTreeFlows/benchmarks/results/coverage_curves_h3n2_N16.csv
Plot with: Rscript benchmarks/plot_coverage_curves.R /vast/home/n/nnori/DiscreteTreeFlows/benchmarks/results/coverage_curves_h3n2_N16.csv
Rscript not found — CSV ready for offline plot
Done: Sat Aug  8 10:50:17 PM EDT 2026
CSV: benchmarks/results/coverage_curves_h3n2_N16.csv
